// Jest Snapshot v1, https://goo.gl/fbAQLP

exports[`ChatMessage.vue has the expected html structure 1`] = `
<div
  class="chat-message hanging-indent"
  title="a few seconds ago"
>
  <b>
    Alan
  </b>
  : test message
  
  <sup>
    <small>
       a few seconds ago
    </small>
  </sup>
</div>
`;
