// Jest Snapshot v1, https://goo.gl/fbAQLP

exports[`EventCreated.vue has the expected html structure 1`] = `
<b-container
  class="new-event"
>
  <b-row
    align-h="center"
  >
    <b-col
      cols="8"
    >
      <b-card
        class="text-center"
      >
        <h1>
          Event Created!
        </h1>
         
        <p>
          Copy this link to share with your friends:
        
          <br />
          <a
            href="/#/event/"
          >
            /#/event/
          </a>
        </p>
      </b-card>
    </b-col>
  </b-row>
</b-container>
`;
