// Jest Snapshot v1, https://goo.gl/fbAQLP

exports[`Landing.vue has the expected html structure 1`] = `
<b-container
  class="landing"
>
  <b-row
    align-h="center"
  >
    <b-col
      cols="8"
    >
      <b-card>
        <h1>
          Schedule.us
        </h1>
         
        <p>
          An easy way to schedule an event with your friends!
        </p>
         
        <h4>
          How to use Schedule.us
        </h4>
         
        <ol>
          <li>
            Login in the top right corner
          </li>
           
          <li>
            Create a new event by choosing a range of dates on which your event could take place.
          </li>
           
          <li>
            A link to the event scheduling dashboard will be generated.
          </li>
           
          <li>
            Share the link with your friends.
          </li>
           
          <li>
            Click on the link to go to the scheduling dashboard, where you can:
          </li>
           
          <ul>
            <li>
              Tell your friends when you are available.
            </li>
             
            <li>
              See when all your friends are available
            </li>
             
            <li>
              Discuss when to schedule the event and email everyone.
            </li>
          </ul>
        </ol>
      </b-card>
    </b-col>
  </b-row>
</b-container>
`;
